
> frontend@0.1.0 build
> next build

Γû▓ Next.js 16.2.9 (Turbopack)

  Creating an optimized production build ...
Γ£ô Compiled successfully in 7.6s
  Running TypeScript ...
  Finished TypeScript in 154ms ...
  Collecting page data using 11 workers ...
  Generating static pages using 11 workers (0/12) ...
  Generating static pages using 11 workers (3/12) 
  Generating static pages using 11 workers (6/12) 
TEMPLATES PAGE LOADED
  Generating static pages using 11 workers (9/12) 
Γ£ô Generating static pages using 11 workers (12/12) in 728ms
  Finalizing page optimization ...

Route (app)
Γöî Γùï /
Γö£ Γùï /_not-found
Γö£ Γùï /activity
Γö£ Γùï /campaigns
Γö£ Γùï /contacts
Γö£ Γùï /organizations
Γö£ Γùï /reports
Γö£ Γùï /search
Γö£ Γùï /templates
Γöö Γùï /whatsapp


Γùï  (Static)  prerendered as static content

